01 = problem adding the user to the database
02 = problem with sending the email to the user
03 = problem with the jwt token
04 = problem with the registration, mising or invalid fields